// Jest Snapshot v1, https://goo.gl/fbAQLP

exports[`App component renders App 1`] = `
<Fragment>
  <main
    className="gridContainer"
  >
    <Header
      className="Header1"
    />
    <LeftColumn
      className="leftColumn"
    />
    <RightColumn
      className="rightColumn"
    />
  </main>
</Fragment>
`;
